[2026-02-11 15:09:20] [initiate-auth] GatewayException: Status Code: BadRequest - {
  "three_dsserver_trans_id" : "2af5d588-01a4-471e-8d4d-de4628fd33eb",
  "error_code" : "201",
  "error_component" : "S",
  "error_description" : "Required Data Element",
  "error_detail" : "message_version",
  "error_message_type" : "AReq",
  "message_type" : "Erro",
  "message_version" : "2.1.0"
}
[2026-02-11 15:34:01] [initiate-auth] GatewayException: Status Code: BadRequest - {
  "three_dsserver_trans_id" : "9b86e3f8-75d2-49ef-af74-68b45c77643e",
  "error_code" : "201",
  "error_component" : "S",
  "error_description" : "Required Data Element",
  "error_detail" : "message_version",
  "error_message_type" : "AReq",
  "message_type" : "Erro",
  "message_version" : "2.1.0"
}
[2026-02-11 15:45:26] [initiate-auth] GatewayException: Status Code: BadRequest - {
  "three_dsserver_trans_id" : "7fb548d7-c438-4a34-a1e5-a2762ad67ddc",
  "error_code" : "201",
  "error_component" : "S",
  "error_description" : "Required Data Element",
  "error_detail" : "message_version",
  "error_message_type" : "AReq",
  "message_type" : "Erro",
  "message_version" : "2.1.0"
}
[2026-02-11 15:50:07] [initiate-auth] GatewayException: Status Code: BadRequest - {
  "three_dsserver_trans_id" : "7df41b2b-1736-4a0e-9ec9-3b2aa184766b",
  "error_code" : "201",
  "error_component" : "S",
  "error_description" : "Required Data Element",
  "error_detail" : "message_version",
  "error_message_type" : "AReq",
  "message_type" : "Erro",
  "message_version" : "2.1.0"
}
